// Vitest Snapshot v1, https://vitest.dev/guide/snapshot.html

exports[`Card3D > Visual Regression > matches snapshot 1`] = `
<div
  class="perspective-1000"
  style="perspective: 1000px;"
>
  <div
    class="relative transition-transform duration-300 ease-out transform-gpu"
    style="transform: rotateX(0deg) rotateY(0deg); transform-style: preserve-3d;"
  >
    Test Content
  </div>
</div>
`;
